type octile
height 50
width 50
map
mmmmmmllkjihgfeedddeefffggffffffghikmoqstuuuuutsss
mmmllllkkjihgfeeddeeeffggggfffffghikmoqstuuvuuttss
llllkkkkjjihgffeeeeeffggggggffffghikmoqstuuvuuuttt
jjjjjjjjjiihggffffffggghhhgggffgghikmoprtuuvvvuuut
hiiiiiiiiiihhggfffggghhhhhhhggggghiklnprsuuvvvvvuu
ggggghhhhhhhhhggggghhiiiiiihhhgghhiklnpqstuvvvvvvv
eeeffggghhhhhhhhhhhiiijjjjjiihhhhiiklnoqstuvwwwwww
dddeeffgghhiiiiiiiijjjkkkkjjjiiiiijklnoqstuvwwwwxx
cccddeffghhiiiijjjjjkkkkkkkkjjjiijjklnoqrtuvwwwxxx
bcccdeffghiijjjjjjkkkklllllkkkjjjjklmnoqrsuvvwwxxx
cccddefghiTTTTTTTTTTTTTTTTTTTTTTTTTTTTTTrstuvvwwww
ccddefghhiTTTTTTTTTTTTTTTTTTTTTTTTTTTTTTqrstuvvvww
eeeefghiijTTTTTTTTTTTTTTTTTTTTTTTTTTTTTTqrsstuuuuu
ffgghhijkkTTTTTTTTTTTTTTTTTTTTTTTTTTTTTTpqqrsstttt
hiiiijkklmTTTTTTTTTTTTTTTTTTTTTTTTTTTTTToppqqrrrrr
kkkkkllmmnTTTTTTTTTTTTTTTTTTTTTTTTTTTTTTnnoopppqqq
mmmmnnnnooTTTTTTTTTTTTTTTTTTTTTTTTTTTTTTmmmnnooooo
ppppppppppTTTTTTTTTTTTTTTTTTTTTTTTTTTTTTlllmmmmnnn
rrrrqqqqqpTTTTTTTTTTTTTTTTTTTTTTTTTTTTTTkkkkllllmm
tttssrrrqqTTTTTTTTTTTTTTTTTTTTTTTTTTTTTTjjjkkkklll
uuuttssrrqqpoonmmllkkjjjjjjjjjTTTTTTTTTTjjjjjjkkkk
vvvuutsrrqpponnmllkkjjjiiiiijjTTTTTTTTTTjjjjjjkkkk
vvvuutsrqqponnmmlkkjjjiiiiiijjTTTTTTTTTTjjjjjjkkkk
vvvuttsrqpoonmmllkkjjiiiiiiijjTTTTTTTTTTjjjjjkkkkk
uuuttsrqpponmmllkkkjjiiiiiijjkTTTTTTTTTTkkkkkkkkkl
ttttsrqqponmmllkkkjjjjiiiijjkkTTTTTTTTTTkkkkkkklll
ssssrqpponmlllkkkkkjjjjjjjjkklTTTTTTTTTTllllllllll
rrrrqpoonmllkkkkkkkkjjjjjkkllmTTTTTTTTTTmmllllllll
rqqqpoonmllkkkkkkkkkkkkkkkllmnTTTTTTTTTTnmmmllllll
qqppoonmlkkkjjjkkkkkkkkkkllmnnTTTTTTTTTTnnmmmlllll
qppoonmlkkTTTTTTTTTTTkTTTTTTTTTTTTTTTTTTonnmmlllll
ppponnmlkjTTTTTTTTTTTkTTTTTTTTTTTTTTTTTToonmmlllkk
qpponmlkkjTTTTTTTTTTTkTTTTTTTTTTTTTTTTTToonnmllkkk
qpponmlkjjTTTTTTTTTTTkTTTTTTTTTTTTTTTTTTponnmllkkk
qqponmlkjjTTTTTTTTTTTjTTTTTTTTTTTTTTTTTTpoonmllkkk
rqqponlkjjTTTTTTTTTTTjTTTTTTTTTTTTTTTTTTpponmllkkj
rrqponmlkjTTTTTTTTTTTjTTTTTTTTTTTTTTTTTTqponmllkkj
ssrqpomlkjTTTTTTTTTTTjTTTTTTTTTTTTTTTTTTqponmllkkj
tssrponmlkTTTTTTTTTTTkTTTTTTTTTTTTTTTTTTqponmllkkj
ttsrqpomlkTTTTTTTTTTTkTTTTTTTTTTTTTTTTTTqponmlkkjj
uutsrqonmlkjjjjkkklllmmmnnnooppqqqrrrrrqqponmlkjjj
vvutsqpnmlkkjkkkllmmnnnnooooopppqqqrrrqqponmlkjjii
wwvusrpomlkkkkklmmnooooooooooopppqqqrqqqponmkjiihh
xwvutrpomlkkkklmnoopqqqqpppoooopppqqqqqponmljihhgg
xxwvtrpomlkkkklmnpqrrrrrqqppoooooppqqqponmlkihgfff
yxwvtrpnmlkjkklnoqrsstssrqppooooooppppponlkjhgfeed
yyxvtrpnlkjjjkmnprsttuttsrqponnnoooppponmljigfedcc
yyxvtrpnlkjjjkmnprtuuuutsrqponnnnooopoonlkihfedcbb
yyxvtrpnljjijkmoqstuvvvusrqonnnnnnoooonmljigedcbaa
zyxvtrpmkjiijkmoqstvvvvutrqonnmmnnoooonmljhgedbaaa
