type octile
height 50
width 50
map
jjklmoprsttttsrqonmkjiiiiiiijjkkkkjjiihhhhhijlnopq
kklmnoprsttttsrqonlkjiiiiiijjjkkkkkjjiihhhiiklnopq
llmmnpqrsttttsrqonlkjiiiiiijjkkkkkkkjjjiiiijkmnpqq
mmnnopqrssttsrqpomlkjjiiiijjjkklllllkkkkjjkklmopqq
oooppqqrsssssrqpnmlkjjiiijjjkklllmmmmmllllllmnopqr
ppqqqqrrrrrrrqponmlkkjjjjjkkllmmmnnnnnnnnmmnnopqqr
rrrrrqqrrrqqqpoonmlkkkjkkkllmmnnnooopppooooooppqrr
sssrrqqqqqpppoonmmllkkklllmmnnoopppqqqqqqpppppqqrr
tssrrqqppoooonnnmmmllllmmmnnooppqqrrsssrrrqqqqqqrr
ttsrrqpoonnnnnnmmmmmmmnnnooppqqqrrssttttssrrqqqqrr
tssrqponnmTTTTTTTTTTTTTTTTTTTTTTTTTTTTTTttsrrrqqqq
ssrqponnmmTTTTTTTTTTTTTTTTTTTTTTTTTTTTTTutssrrqqqq
rrqponnmllTTTTTTTTTTTTTTTTTTTTTTTTTTTTTTuutsrrrqqq
qqponnmlllTTTTTTTTTTTTTTTTTTTTTTTTTTTTTTvutssrrqqq
pponmmllllTTTTTTTTTTTTTTTTTTTTTTTTTTTTTTvvutssrrrr
onnmllkkklTTTTTTTTTTTTTTTTTTTTTTTTTTTTTTwvuutsssrr
mmllkkkkklTTTTTTTTTTTTTTTTTTTTTTTTTTTTTTwwvuuttsss
lkkkjjjjklTTTTTTTTTTTTTTTTTTTTTTTTTTTTTTxwwvvuuttt
jjjjiijjklTTTTTTTTTTTTTTTTTTTTTTTTTTTTTTxxwwvvvuuu
iiiiiiijklTTTTTTTTTTTTTTTTTTTTTTTTTTTTTTyxxwwwvvvv
hhhhhhijklmnoqrtuvwxxyyyyyxxxxTTTTTTTTTTyyxxwwwwww
gggghhijklmnpqrsuvwxxyyyyyxxxxTTTTTTTTTTyyxxxwwwww
gggghhijklmnpqrstuvwxxxyyyxxxxTTTTTTTTTTyxxxwwwwww
fggghiijklnopqrstuuvwwxxxxxxxxTTTTTTTTTTyxxwwwwvvv
fggghijklmnopqqrsttuvwwxxxxxxxTTTTTTTTTTxxwwvvvvvv
fgghijklmmnoppqqrsstuuvwwwxxxxwwwxxxxxxxxwwvvuuuuu
gghhijklmnoopppqqqrsstuvvwwwwwTTTTTTTTTTwwvvuutttt
gghijklmnnooppppppqqrsttuvvwwwTTTTTTTTTTvvvuttssss
hhhijklmnoooooooooppqqrstuvvvvTTTTTTTTTTvuuttssrrr
hhijklmnnooooooonnooopqrstuuuuTTTTTTTTTTuuttssrrrq
hhijklmnnoTTTTTTTTTTTTTTTTTTTTTTTTTTTTTTuttssrrqqq
hiijklmmnnTTTTTTTTTTTTTTTTTTTTTTTTTTTTTTttsssrrqqq
hiijkklmnnTTTTTTTTTTTTTTTTTTTTTTTTTTTTTTssssrrqqqp
hhiijkllmmTTTTTTTTTTTTTTTTTTTTTTTTTTTTTTrrrrrrqqpp
hhhijjkkllTTTTTTTTTTTTTTTTTTTTTTTTTTTTTTqrrrrqqqpp
gghhiijjkkTTTTTTTTTTTTTTTTTTTTTTTTTTTTTTqqqqqqqqpp
ggghhhiijjTTTTTTTTTTTTTTTTTTTTTTTTTTTTTTppqqqqqqpp
ffggghhhiiTTTTTTTTTTTTTTTTTTTTTTTTTTTTTTooppqqqppp
ffffggggghTTTTTTTTTTTTTTTTTTTTTTTTTTTTTTnooppqqppp
fffffffffgTTTTTTTTTTTTTTTTTTTTTTTTTTTTTTmnoopppppp
ffffffeeefffgghhiiiiiiiiiiiijkkkkkkkkkkllmnopppppp
ffffeeeeeeeeffghhiiiihhhhhhhiijjjjjjjjjklmmnoppppp
fffffeedddddeffghhhhhhhgggggghiiiiiiijjjklmnnopppp
gggffeeddddddefgghhhhhgffffffgghhiiiiiijjklmnnoppp
hhhgffeddccddeefghhhhgffeeddeefghhhiiiiijjklmnnooo
iihhgfeedcccdeefghhhhgfeddccddefghhhiiiiijjklmmnoo
jjihhgfeddccddefghhhhgfeccbbccdefghhiiiiiijjklmmnn
kjjihgfeddccdeefghhhhgedcbaabcdefghhiiihhiiijkllmm
kkjjigfeddccdefghhhhhgedcaaaabcefghhiihhhhhijjkllm
kkkjihfeddcddefghhihhgedbaaaabcdfghhiihhhhhiijkkll
