type octile
height 200
width 200
map
........................................................................................................................................................................................................
........................................................................................................................................................................................................
........................................................................................................................................................................................................
........................................................................................................................................................................................................
........................................................................................................................................................................................................
........................................................................................................................................................................................................
........................................................................................................................................................................................................
........................................................................................................................................................................................................
........................................................................................................................................................................................................
........................................................................................................................................................................................................
........................................................................................................................................................................................................
........................................................................................................................................................................................................
........................................................................................................................................................................................................
........................................................................................................................................................................................................
........................................................................................................................................................................................................
........................................................................................................................................................................................................
........................................................................................................................................................................................................
........................................................................................................................................................................................................
........................................................................................................................................................................................................
........................................................................................................................................................................................................
........................................................................................................................................................................................................
........................................................................................................................................................................................................
........................................................................................................................................................................................................
........................................................................................................................................................................................................
........................................................................................................................................................................................................
........................................................................................................................................................................................................
........................................................................................................................................................................................................
........................................................................................................................................................................................................
........................................................................................................................................................................................................
........................................................................................................................................................................................................
........................................................................................................................................................................................................
........................................................................................................................................................................................................
........................................................................................................................................................................................................
........................................................................................................................................................................................................
........................................................................................................................................................................................................
........................................................................................................................................................................................................
........................................................................................................................................................................................................
........................................................................................................................................................................................................
........................................................................................................................................................................................................
........................................................................................................................................................................................................
........................................................................................................................................................................................................
........................................................................................................................................................................................................
........................................................................................................................................................................................................
........................................................................................................................................................................................................
........................................................................................................................................................................................................
........................................................................................................................................................................................................
........................................................................................................................................................................................................
........................................................................................................................................................................................................
........................................................................................................................................................................................................
........................................................................................................................................................................................................
TTTTTTTTTTTTTTTTTTTTTTTTTTTTTTTTTTTTTTTTTTTTTTTTTTTTTTTTTTTTTTTTTTTTTTTTTTTTTTTTTTTTTTTTTTTTTTTTTTTTTTTTTTTTTTTTTTTTTTTTTTTTTTTTTTTTTTTTTTTTTTTTTTTTTT..................................................
TTTTTTTTTTTTTTTTTTTTTTTTTTTTTTTTTTTTTTTTTTTTTTTTTTTTTTTTTTTTTTTTTTTTTTTTTTTTTTTTTTTTTTTTTTTTTTTTTTTTTTTTTTTTTTTTTTTTTTTTTTTTTTTTTTTTTTTTTTTTTTTTTTTTTT..................................................
TTTTTTTTTTTTTTTTTTTTTTTTTTTTTTTTTTTTTTTTTTTTTTTTTTTTTTTTTTTTTTTTTTTTTTTTTTTTTTTTTTTTTTTTTTTTTTTTTTTTTTTTTTTTTTTTTTTTTTTTTTTTTTTTTTTTTTTTTTTTTTTTTTTTTT..................................................
TTTTTTTTTTTTTTTTTTTTTTTTTTTTTTTTTTTTTTTTTTTTTTTTTTTTTTTTTTTTTTTTTTTTTTTTTTTTTTTTTTTTTTTTTTTTTTTTTTTTTTTTTTTTTTTTTTTTTTTTTTTTTTTTTTTTTTTTTTTTTTTTTTTTTT..................................................
TTTTTTTTTTTTTTTTTTTTTTTTTTTTTTTTTTTTTTTTTTTTTTTTTTTTTTTTTTTTTTTTTTTTTTTTTTTTTTTTTTTTTTTTTTTTTTTTTTTTTTTTTTTTTTTTTTTTTTTTTTTTTTTTTTTTTTTTTTTTTTTTTTTTTT..................................................
TTTTTTTTTTTTTTTTTTTTTTTTTTTTTTTTTTTTTTTTTTTTTTTTTTTTTTTTTTTTTTTTTTTTTTTTTTTTTTTTTTTTTTTTTTTTTTTTTTTTTTTTTTTTTTTTTTTTTTTTTTTTTTTTTTTTTTTTTTTTTTTTTTTTTT..................................................
TTTTTTTTTTTTTTTTTTTTTTTTTTTTTTTTTTTTTTTTTTTTTTTTTTTTTTTTTTTTTTTTTTTTTTTTTTTTTTTTTTTTTTTTTTTTTTTTTTTTTTTTTTTTTTTTTTTTTTTTTTTTTTTTTTTTTTTTTTTTTTTTTTTTTT..................................................
TTTTTTTTTTTTTTTTTTTTTTTTTTTTTTTTTTTTTTTTTTTTTTTTTTTTTTTTTTTTTTTTTTTTTTTTTTTTTTTTTTTTTTTTTTTTTTTTTTTTTTTTTTTTTTTTTTTTTTTTTTTTTTTTTTTTTTTTTTTTTTTTTTTTTT..................................................
TTTTTTTTTTTTTTTTTTTTTTTTTTTTTTTTTTTTTTTTTTTTTTTTTTTTTTTTTTTTTTTTTTTTTTTTTTTTTTTTTTTTTTTTTTTTTTTTTTTTTTTTTTTTTTTTTTTTTTTTTTTTTTTTTTTTTTTTTTTTTTTTTTTTTT..................................................
TTTTTTTTTTTTTTTTTTTTTTTTTTTTTTTTTTTTTTTTTTTTTTTTTTTTTTTTTTTTTTTTTTTTTTTTTTTTTTTTTTTTTTTTTTTTTTTTTTTTTTTTTTTTTTTTTTTTTTTTTTTTTTTTTTTTTTTTTTTTTTTTTTTTTT..................................................
TTTTTTTTTTTTTTTTTTTTTTTTTTTTTTTTTTTTTTTTTTTTTTTTTTTTTTTTTTTTTTTTTTTTTTTTTTTTTTTTTTTTTTTTTTTTTTTTTTTTTTTTTTTTTTTTTTTTTTTTTTTTTTTTTTTTTTTTTTTTTTTTTTTTTT..................................................
TTTTTTTTTTTTTTTTTTTTTTTTTTTTTTTTTTTTTTTTTTTTTTTTTTTTTTTTTTTTTTTTTTTTTTTTTTTTTTTTTTTTTTTTTTTTTTTTTTTTTTTTTTTTTTTTTTTTTTTTTTTTTTTTTTTTTTTTTTTTTTTTTTTTTT..................................................
TTTTTTTTTTTTTTTTTTTTTTTTTTTTTTTTTTTTTTTTTTTTTTTTTTTTTTTTTTTTTTTTTTTTTTTTTTTTTTTTTTTTTTTTTTTTTTTTTTTTTTTTTTTTTTTTTTTTTTTTTTTTTTTTTTTTTTTTTTTTTTTTTTTTTT..................................................
TTTTTTTTTTTTTTTTTTTTTTTTTTTTTTTTTTTTTTTTTTTTTTTTTTTTTTTTTTTTTTTTTTTTTTTTTTTTTTTTTTTTTTTTTTTTTTTTTTTTTTTTTTTTTTTTTTTTTTTTTTTTTTTTTTTTTTTTTTTTTTTTTTTTTT..................................................
TTTTTTTTTTTTTTTTTTTTTTTTTTTTTTTTTTTTTTTTTTTTTTTTTTTTTTTTTTTTTTTTTTTTTTTTTTTTTTTTTTTTTTTTTTTTTTTTTTTTTTTTTTTTTTTTTTTTTTTTTTTTTTTTTTTTTTTTTTTTTTTTTTTTTT..................................................
TTTTTTTTTTTTTTTTTTTTTTTTTTTTTTTTTTTTTTTTTTTTTTTTTTTTTTTTTTTTTTTTTTTTTTTTTTTTTTTTTTTTTTTTTTTTTTTTTTTTTTTTTTTTTTTTTTTTTTTTTTTTTTTTTTTTTTTTTTTTTTTTTTTTTT..................................................
TTTTTTTTTTTTTTTTTTTTTTTTTTTTTTTTTTTTTTTTTTTTTTTTTTTTTTTTTTTTTTTTTTTTTTTTTTTTTTTTTTTTTTTTTTTTTTTTTTTTTTTTTTTTTTTTTTTTTTTTTTTTTTTTTTTTTTTTTTTTTTTTTTTTTT..................................................
TTTTTTTTTTTTTTTTTTTTTTTTTTTTTTTTTTTTTTTTTTTTTTTTTTTTTTTTTTTTTTTTTTTTTTTTTTTTTTTTTTTTTTTTTTTTTTTTTTTTTTTTTTTTTTTTTTTTTTTTTTTTTTTTTTTTTTTTTTTTTTTTTTTTTT..................................................
TTTTTTTTTTTTTTTTTTTTTTTTTTTTTTTTTTTTTTTTTTTTTTTTTTTTTTTTTTTTTTTTTTTTTTTTTTTTTTTTTTTTTTTTTTTTTTTTTTTTTTTTTTTTTTTTTTTTTTTTTTTTTTTTTTTTTTTTTTTTTTTTTTTTTT..................................................
TTTTTTTTTTTTTTTTTTTTTTTTTTTTTTTTTTTTTTTTTTTTTTTTTTTTTTTTTTTTTTTTTTTTTTTTTTTTTTTTTTTTTTTTTTTTTTTTTTTTTTTTTTTTTTTTTTTTTTTTTTTTTTTTTTTTTTTTTTTTTTTTTTTTTT..................................................
..................................................................................................................................TTTTTTTTTTTTTTTTTTTT..................................................
..................................................................................................................................TTTTTTTTTTTTTTTTTTTT..................................................
..................................................................................................................................TTTTTTTTTTTTTTTTTTTT..................................................
..................................................................................................................................TTTTTTTTTTTTTTTTTTTT..................................................
..................................................................................................................................TTTTTTTTTTTTTTTTTTTT..................................................
..................................................................................................................................TTTTTTTTTTTTTTTTTTTT..................................................
..................................................................................................................................TTTTTTTTTTTTTTTTTTTT..................................................
..................................................................................................................................TTTTTTTTTTTTTTTTTTTT..................................................
..................................................................................................................................TTTTTTTTTTTTTTTTTTTT..................................................
..................................................................................................................................TTTTTTTTTTTTTTTTTTTT..................................................
..................................................................................................................................TTTTTTTTTTTTTTTTTTTT..................................................
..................................................................................................................................TTTTTTTTTTTTTTTTTTTT..................................................
..................................................................................................................................TTTTTTTTTTTTTTTTTTTT..................................................
..................................................................................................................................TTTTTTTTTTTTTTTTTTTT..................................................
..................................................................................................................................TTTTTTTTTTTTTTTTTTTT..................................................
..................................................................................................................................TTTTTTTTTTTTTTTTTTTT..................................................
..................................................................................................................................TTTTTTTTTTTTTTTTTTTT..................................................
..................................................................................................................................TTTTTTTTTTTTTTTTTTTT..................................................
..................................................................................................................................TTTTTTTTTTTTTTTTTTTT..................................................
..................................................................................................................................TTTTTTTTTTTTTTTTTTTT..................................................
..................................................................................................................................TTTTTTTTTTTTTTTTTTTT..................................................
..................................................................................................................................TTTTTTTTTTTTTTTTTTTT..................................................
..................................................................................................................................TTTTTTTTTTTTTTTTTTTT..................................................
..................................................................................................................................TTTTTTTTTTTTTTTTTTTT..................................................
..................................................................................................................................TTTTTTTTTTTTTTTTTTTT..................................................
..................................................................................................................................TTTTTTTTTTTTTTTTTTTT..................................................
..................................................................................................................................TTTTTTTTTTTTTTTTTTTT..................................................
..................................................................................................................................TTTTTTTTTTTTTTTTTTTT..................................................
..................................................................................................................................TTTTTTTTTTTTTTTTTTTT..................................................
..................................................................................................................................TTTTTTTTTTTTTTTTTTTT..................................................
..................................................................................................................................TTTTTTTTTTTTTTTTTTTT..................................................
..................................................................................................................................TTTTTTTTTTTTTTTTTTTT..................................................
..................................................................................................................................TTTTTTTTTTTTTTTTTTTT..................................................
..................................................................................................................................TTTTTTTTTTTTTTTTTTTT..................................................
..................................................................................................................................TTTTTTTTTTTTTTTTTTTT..................................................
..................................................................................................................................TTTTTTTTTTTTTTTTTTTT..................................................
..................................................................................................................................TTTTTTTTTTTTTTTTTTTT..................................................
..................................................................................................................................TTTTTTTTTTTTTTTTTTTT..................................................
..................................................................................................................................TTTTTTTTTTTTTTTTTTTT..................................................
..................................................................................................................................TTTTTTTTTTTTTTTTTTTT..................................................
..................................................................................................................................TTTTTTTTTTTTTTTTTTTT..................................................
..................................................................................................................................TTTTTTTTTTTTTTTTTTTT..................................................
..................................................................................................................................TTTTTTTTTTTTTTTTTTTT..................................................
..................................................................................................................................TTTTTTTTTTTTTTTTTTTT..................................................
..................................................................................................................................TTTTTTTTTTTTTTTTTTTT..................................................
..................................................................................................................................TTTTTTTTTTTTTTTTTTTT..................................................
..................................................................................................................................TTTTTTTTTTTTTTTTTTTT..................................................
..................................................................................................................................TTTTTTTTTTTTTTTTTTTT..................................................
..................................................................................................................................TTTTTTTTTTTTTTTTTTTT..................................................
..................................................................................................................................TTTTTTTTTTTTTTTTTTTT..................................................
..................................................................................................................................TTTTTTTTTTTTTTTTTTTT..................................................
..................................................................................................................................TTTTTTTTTTTTTTTTTTTT..................................................
..................................................................................................................................TTTTTTTTTTTTTTTTTTTT..................................................
..................................................................................................................................TTTTTTTTTTTTTTTTTTTT..................................................
..................................................................................................................................TTTTTTTTTTTTTTTTTTTT..................................................
..................................................................................................................................TTTTTTTTTTTTTTTTTTTT..................................................
..................................................................................................................................TTTTTTTTTTTTTTTTTTTT..................................................
..................................................................................................................................TTTTTTTTTTTTTTTTTTTT..................................................
..................................................................................................................................TTTTTTTTTTTTTTTTTTTT..................................................
..................................................................................................................................TTTTTTTTTTTTTTTTTTTT..................................................
..................................................................................................................................TTTTTTTTTTTTTTTTTTTT..................................................
..................................................................................................................................TTTTTTTTTTTTTTTTTTTT..................................................
..................................................................................................................................TTTTTTTTTTTTTTTTTTTT..................................................
..................................................................................................................................TTTTTTTTTTTTTTTTTTTT..................................................
..................................................................................................................................TTTTTTTTTTTTTTTTTTTT..................................................
..................................................................................................................................TTTTTTTTTTTTTTTTTTTT..................................................
..................................................................................................................................TTTTTTTTTTTTTTTTTTTT..................................................
..................................................................................................................................TTTTTTTTTTTTTTTTTTTT..................................................
..................................................................................................................................TTTTTTTTTTTTTTTTTTTT..................................................
..................................................................................................................................TTTTTTTTTTTTTTTTTTTT..................................................
..........TTTTTTTTTTTTTTTTTTTTTTTTTTTTTTTTTTTTTTTTTTTTTTTTTTTTTTTTTTTTTTTTTTTTTTTTTTTTTTTTTTTTTTTTTTTTTT...................TTTTTTTTTTTTTTTTTTTTTTTTTTT..................................................
..........TTTTTTTTTTTTTTTTTTTTTTTTTTTTTTTTTTTTTTTTTTTTTTTTTTTTTTTTTTTTTTTTTTTTTTTTTTTTTTTTTTTTTTTTTTTTTT...................TTTTTTTTTTTTTTTTTTTTTTTTTTT..................................................
..........TTTTTTTTTTTTTTTTTTTTTTTTTTTTTTTTTTTTTTTTTTTTTTTTTTTTTTTTTTTTTTTTTTTTTTTTTTTTTTTTTTTTTTTTTTTTTT...................TTTTTTTTTTTTTTTTTTTTTTTTTTT..................................................
..........TTTTTTTTTTTTTTTTTTTTTTTTTTTTTTTTTTTTTTTTTTTTTTTTTTTTTTTTTTTTTTTTTTTTTTTTTTTTTTTTTTTTTTTTTTTTTT...................TTTTTTTTTTTTTTTTTTTTTTTTTTT..................................................
..........TTTTTTTTTTTTTTTTTTTTTTTTTTTTTTTTTTTTTTTTTTTTTTTTTTTTTTTTTTTTTTTTTTTTTTTTTTTTTTTTTTTTTTTTTTTTTT...................TTTTTTTTTTTTTTTTTTTTTTTTTTT..................................................
..........TTTTTTTTTTTTTTTTTTTTTTTTTTTTTTTTTTTTTTTTTTTTTTTTTTTTTTTTTTTTTTTTTTTTTTTTTTTTTTTTTTTTTTTTTTTTTT...................TTTTTTTTTTTTTTTTTTTTTTTTTTT..................................................
..........TTTTTTTTTTTTTTTTTTTTTTTTTTTTTTTTTTTTTTTTTTTTTTTTTTTTTTTTTTTTTTTTTTTTTTTTTTTTTTTTTTTTTTTTTTTTTT...................TTTTTTTTTTTTTTTTTTTTTTTTTTT..................................................
..........TTTTTTTTTTTTTTTTTTTTTTTTTTTTTTTTTTTTTTTTTTTTTTTTTTTTTTTTTTTTTTTTTTTTTTTTTTTTTTTTTTTTTTTTTTTTTT...................TTTTTTTTTTTTTTTTTTTTTTTTTTT..................................................
..........TTTTTTTTTTTTTTTTTTTTTTTTTTTTTTTTTTTTTTTTTTTTTTTTTTTTTTTTTTTTTTTTTTTTTTTTTTTTTTTTTTTTTTTTTTTTTT...................TTTTTTTTTTTTTTTTTTTTTTTTTTT..................................................
..........TTTTTTTTTTTTTTTTTTTTTTTTTTTTTTTTTTTTTTTTTTTTTTTTTTTTTTTTTTTTTTTTTTTTTTTTTTTTTTTTTTTTTTTTTTTTTT...................TTTTTTTTTTTTTTTTTTTTTTTTTTT..................................................
..........TTTTTTTTTTTTTTTTTTTTTTTTTTTTTTTTTTTTTTTTTTTTTTTTTTTTTTTTTTTTTTTTTTTTTTTTTTTTTTTTTTTTTTTTTTTTTT...................TTTTTTTTTTTTTTTTTTTTTTTTTTT..................................................
..........TTTTTTTTTTTTTTTTTTTTTTTTTTTTTTTTTTTTTTTTTTTTTTTTTTTTTTTTTTTTTTTTTTTTTTTTTTTTTTTTTTTTTTTTTTTTTT...................TTTTTTTTTTTTTTTTTTTTTTTTTTT..................................................
..........TTTTTTTTTTTTTTTTTTTTTTTTTTTTTTTTTTTTTTTTTTTTTTTTTTTTTTTTTTTTTTTTTTTTTTTTTTTTTTTTTTTTTTTTTTTTTT...................TTTTTTTTTTTTTTTTTTTTTTTTTTT..................................................
..........TTTTTTTTTTTTTTTTTTTTTTTTTTTTTTTTTTTTTTTTTTTTTTTTTTTTTTTTTTTTTTTTTTTTTTTTTTTTTTTTTTTTTTTTTTTTTT...................TTTTTTTTTTTTTTTTTTTTTTTTTTT..................................................
..........TTTTTTTTTTTTTTTTTTTTTTTTTTTTTTTTTTTTTTTTTTTTTTTTTTTTTTTTTTTTTTTTTTTTTTTTTTTTTTTTTTTTTTTTTTTTTT...................TTTTTTTTTTTTTTTTTTTTTTTTTTT..................................................
..........TTTTTTTTTTTTTTTTTTTTTTTTTTTTTTTTTTTTTTTTTTTTTTTTTTTTTTTTTTTTTTTTTTTTTTTTTTTTTTTTTTTTTTTTTTTTTT...................TTTTTTTTTTTTTTTTTTTTTTTTTTT..................................................
..........TTTTTTTTTTTTTTTTTTTTTTTTTTTTTTTTTTTTTTTTTTTTTTTTTTTTTTTTTTTTTTTTTTTTTTTTTTTTTTTTTTTTTTTTTTTTTT...................TTTTTTTTTTTTTTTTTTTTTTTTTTT..................................................
..........TTTTTTTTTTTTTTTTTTTTTTTTTTTTTTTTTTTTTTTTTTTTTTTTTTTTTTTTTTTTTTTTTTTTTTTTTTTTTTTTTTTTTTTTTTTTTT...................TTTTTTTTTTTTTTTTTTTTTTTTTTT..................................................
..........TTTTTTTTTTTTTTTTTTTTTTTTTTTTTTTTTTTTTTTTTTTTTTTTTTTTTTTTTTTTTTTTTTTTTTTTTTTTTTTTTTTTTTTTTTTTTT...................TTTTTTTTTTTTTTTTTTTTTTTTTTT..................................................
..........TTTTTTTTTTTTTTTTTTTTTTTTTTTTTTTTTTTTTTTTTTTTTTTTTTTTTTTTTTTTTTTTTTTTTTTTTTTTTTTTTTTTTTTTTTTTTT...................TTTTTTTTTTTTTTTTTTTTTTTTTTT..................................................
........................................................................................................................................................................................................
........................................................................................................................................................................................................
........................................................................................................................................................................................................
........................................................................................................................................................................................................
........................................................................................................................................................................................................
........................................................................................................................................................................................................
........................................................................................................................................................................................................
........................................................................................................................................................................................................
........................................................................................................................................................................................................
........................................................................................................................................................................................................
........................................................................................................................................................................................................
........................................................................................................................................................................................................
........................................................................................................................................................................................................
........................................................................................................................................................................................................
........................................................................................................................................................................................................
........................................................................................................................................................................................................
........................................................................................................................................................................................................
........................................................................................................................................................................................................
........................................................................................................................................................................................................
........................................................................................................................................................................................................
........................................................................................................................................................................................................
........................................................................................................................................................................................................
........................................................................................................................................................................................................
........................................................................................................................................................................................................
........................................................................................................................................................................................................
........................................................................................................................................................................................................
........................................................................................................................................................................................................
........................................................................................................................................................................................................
........................................................................................................................................................................................................
........................................................................................................................................................................................................
........................................................................................................................................................................................................
........................................................................................................................................................................................................
........................................................................................................................................................................................................
........................................................................................................................................................................................................
........................................................................................................................................................................................................
........................................................................................................................................................................................................
........................................................................................................................................................................................................
........................................................................................................................................................................................................
........................................................................................................................................................................................................
........................................................................................................................................................................................................
