type octile
height 50
width 50
map
eefffgghijkmnprsuvvwvvusrpnmkihgffeeffghhijkkkllll
effffgghijkmnprsuvvvvutsqpnlkihgffeeffghiijkklllll
ffffgghiijlmnpqstuuvuutsqpnlkihgfffffgghijjkklllll
ggggghhijklmnpqrstuuttsrqonlkihgfffffgghijjklllmmm
gghhhiijjklmnopqrsttssrqpomlkihggfffgghhijkkllmmmm
hhhiiijjkllmnopqqrrsrrqponmljihhgggggghiijkllmmmnn
iiiijjjkllmmnoopqqqqqqqponmlkiihggggghhijjkllmmnnn
iijjjkkllmmnnnooppppppponnmlkjihhggghhiijkkllmmnnn
jjjjkklllmmnnnnooooppooonmllkjiihhhhhhiijkkllmmnnn
jjjjkkllmmmnnnnnnooooonnnmllkjiihhhhhiiijkkllmmmnn
jjjkkkllmmTTTTTTTTTTTTTTTTTTTTTTTTTTTTTTjkkllmmmmm
jjjjkkllmmTTTTTTTTTTTTTTTTTTTTTTTTTTTTTTjkkllmmmmm
jjjjkkllmnTTTTTTTTTTTTTTTTTTTTTTTTTTTTTTkkklllmmmm
ijjjkklmmnTTTTTTTTTTTTTTTTTTTTTTTTTTTTTTkklllmmmmm
ijjjkklmmnTTTTTTTTTTTTTTTTTTTTTTTTTTTTTTkllmmmmmmm
jjjjkllmnnTTTTTTTTTTTTTTTTTTTTTTTTTTTTTTllmmmmmmmm
jjjkklmmnoTTTTTTTTTTTTTTTTTTTTTTTTTTTTTTmmnnnnnnnn
kkkllmmnooTTTTTTTTTTTTTTTTTTTTTTTTTTTTTTmnoooooooo
llllmmnoopTTTTTTTTTTTTTTTTTTTTTTTTTTTTTTnopppppppp
mmmmnnoppqTTTTTTTTTTTTTTTTTTTTTTTTTTTTTTopqqrrrrrr
nnnoooppqqrrrqqponmlkjihhgfffeTTTTTTTTTTpqrsssssss
ooopppqqqrrrrrqponmlkjihgffeeeTTTTTTTTTTqrsttuuuuu
pppqqqqqrrrrrrqponmlkihhgfeeeeTTTTTTTTTTrstuvvvwww
qqqqqqrrrrrrrrqponmljihggfeeeeTTTTTTTTTTstuvwwxxxx
rrrrrrrrrrrrrrqponmljihggfeeeeTTTTTTTTTTsuvwxxxyyy
rrrrrrrrrrrrrrqponmlkjihgfffffTTTTTTTTTTtuvwxyyyyz
rrrrrrrrrrrrrrqponmlkjihhggffgTTTTTTTTTTtuvwxxyyyy
qqqqqqqqrrrrrrqppomlkjjihhhhhhTTTTTTTTTTtuvwwxxyyy
ppppppqqqqrrrqqpponmlkjjiiiiiiTTTTTTTTTTtuvvwwwxxx
ooooopppqqqqqqqpponmllkkjjjjjkTTTTTTTTTTttuuvvvvvv
nnnnnoopppTTTTTTTTTTTTTTTTTTTTTTTTTTTTTTsttttuuuuu
lllmmnnoopTTTTTTTTTTTTTTTTTTTTTTTTTTTTTTssssssssss
jkkklmmnnoTTTTTTTTTTTTTTTTTTTTTTTTTTTTTTrrrrrrrqqq
iijjkllmnnTTTTTTTTTTTTTTTTTTTTTTTTTTTTTTrrrrqqqppp
hhhijkklmnTTTTTTTTTTTTTTTTTTTTTTTTTTTTTTrrrqqppooo
fgghijkklmTTTTTTTTTTTTTTTTTTTTTTTTTTTTTTrrrqqpooon
effghijkllTTTTTTTTTTTTTTTTTTTTTTTTTTTTTTrrrqqpooon
eeefghijklTTTTTTTTTTTTTTTTTTTTTTTTTTTTTTsrrrqppooo
ddeffghjklTTTTTTTTTTTTTTTTTTTTTTTTTTTTTTssrrqqppoo
cddefghijkTTTTTTTTTTTTTTTTTTTTTTTTTTTTTTsssrrqqppp
ccdeefhijklmnopqqrrrssssrrrrrrrrrrrsssttttssrrqqpp
cccdefghiklmnopqqrrrssrrrrqqqqqqqqrrssstttssrrqqpp
bccdefghijlmnopqrrrrrrrrqqqppppppqqrrsstttssrrqqpp
bbcddeghijlmnopqrrrrrrqqqppoooooopqqrrssssssrqqppp
bbccdefhijlmnopqrrrrrqqppoonnnnnoopqqrrssssrrqpppo
abbcdefhijlmnopqrrrrqqpponnnmmmnnoopqqrrrrrrqppooo
aabcdefhijlmnpqqrrrqqpponnmmmmmmnnoppqqrrrqqpponnn
aabbdefhijlmopqqrrrqqponnmmllllmmnoopqqqqqqpponnmm
aaabcefgiklmopqqrrqqpponmmlllllmmnnoppqqqqqpoonmmm
aaabcefgiklmopqqrrqqpoonmmllllllmmnoppqqqqpponnmml
