type octile
height 50
width 50
map
fhijjjihgedbaaabbcccbbbbbcccddeeefffffffffeeddbabd
cefghhgfedcbaaaaaaaaaaaaabbcdefgghhhhhhhhhhhggfdba
abcdeeedcbbaaaaaaaaabbbaaabcdeghijjkkjjjjjjjjihgec
dbabcccbbaaaaaaaabbbccccbaabdfhiklmmmmlllllllkkihf
fdbaaaaaaaaaaaaabbccddddcbabdfiklnoooonnnnnnnmlkjh
hfdcbbbbbbaaaaabbccddeeedcabdgjlnpqqqqppoooooonmki
ihfeddcccbbaaaabbccddeeedcabdgjmoqrsssrrqqqppponmk
kjhgffeddccbaaaabbccddeedcabehknprttuttssrrrqqponm
mlkjihgfeddcbaaaaabbcddddcabehknqsuvvvvutttssrrqpn
onmlkjihgfedccbbbaaabbccccabehknqtvwwwwvvuuuttsrqp
qponmlkihgTTTTTTTTTTTTTTTTTTTTTTTTTTTTTTwwvvuuttsr
srqponmkjiTTTTTTTTTTTTTTTTTTTTTTTTTTTTTTxxxwwvvuut
utsrqpnmkjTTTTTTTTTTTTTTTTTTTTTTTTTTTTTTyyxxxwwwvv
wvutsqpnmkTTTTTTTTTTTTTTTTTTTTTTTTTTTTTTyyyyyxxxww
xwvutrqonlTTTTTTTTTTTTTTTTTTTTTTTTTTTTTTyyyyyyyyxx
xxwvtsqpnmTTTTTTTTTTTTTTTTTTTTTTTTTTTTTTyyyyyyyyyy
xxwvusrpomTTTTTTTTTTTTTTTTTTTTTTTTTTTTTTwxyyyyyyyy
xwwvtsrpomTTTTTTTTTTTTTTTTTTTTTTTTTTTTTTuwwxxxyyxx
wwvutsqponTTTTTTTTTTTTTTTTTTTTTTTTTTTTTTsuvwwxxxxx
vvutsrqponTTTTTTTTTTTTTTTTTTTTTTTTTTTTTTprtuvvwwww
vuutsrqponmmllllkkjigdacfhklmmTTTTTTTTTTmoqstuuvvv
uutssrqpponnmmlllkjigdbcfikmnoTTTTTTTTTTjlnprstuuu
tttssrrqqpoonnmmllkigebbfilnopTTTTTTTTTTfiknpqrstt
ttttsssrrqqppoonmmkjhebbeilnpqTTTTTTTTTTcfikmoqrss
ssttttttsssrqqponmlkifcaehknprTTTTTTTTTTacfiknoqrs
ssttuuuuuutssrqponmkifcadhknprTTTTTTTTTTdacfilnpqr
rsttuvvvvvuutsrqponljgdadgjmoqTTTTTTTTTTfcadgjlnpq
qstuuvwwwwvuutsrqonljgdacgjlopTTTTTTTTTThebbehkmop
prstuvwwwwvvutsrqpnljgdacfiknoTTTTTTTTTTjgdacfikmo
oqrstuvvwvvuutsrqonljgdacfhklnTTTTTTTTTTkhfcadgjln
noprstuuuuTTTTTTTTTTTgTTTTTTTTTTTTTTTTTTljgdacehjl
kmnpqrssssTTTTTTTTTTTgTTTTTTTTTTTTTTTTTTmkhfcacfhj
ijlmnopppqTTTTTTTTTTTgTTTTTTTTTTTTTTTTTTmljgebadfg
fghjkklmmmTTTTTTTTTTTfTTTTTTTTTTTTTTTTTTnmkifdbace
cdefgghiijTTTTTTTTTTTfTTTTTTTTTTTTTTTTTTnmljhfdcaa
baaabcdeefTTTTTTTTTTTgTTTTTTTTTTTTTTTTTTonmljhgedc
feedcbbaabTTTTTTTTTTTgTTTTTTTTTTTTTTTTTTonnmlkjhgg
jiihhgfedbTTTTTTTTTTThTTTTTTTTTTTTTTTTTToonnnmllkj
nnmmlkjigfTTTTTTTTTTThTTTTTTTTTTTTTTTTTTnooooooonn
rqqqponlkhTTTTTTTTTTTiTTTTTTTTTTTTTTTTTTnoopqqqqrr
uuttsrqomkhebadgijkkkjhfcadfiklmmlllkkllmnoqrssttu
wwwwvusqomjgcadfhjkkkjigdacehikklkkjjjjklnoqrtuvvw
yyyxxvuspnkgdacfhjkkkjigebadfhijjjjiiiijkmoprtuvwx
yyzyxwvtqnkheacegijkkjigecaceghiiihhgghijlmoqsuvxx
yyyyxwvsqnkhebbegijjjjigfdbacefggggffffghjlnprtuwx
wxxxwvuspmjgdbbdfhiiiihgfdcabcdeeeeeddeeghjlmoqstv
tuvvvusqoljgdabdfghhhhhgfdcbabcccccccccddfgijlnpqs
qrsssrqomkhfcabceffgggffeddcbaaaaaaaaaaabcdfgijlnp
moppppomkigecabcdeeefeeeeddcbbbbbbbbbbbbaaabcefhjl
jkmmmmlkigedbabccdddddddddccccccdddddddddccbaabdfh
