type octile
height 50
width 50
map
dddeeffgggffffffeeefffghikmortuwwxwwvusrqonmlkjjii
ddeefffggfffffffffffffghjkmoqsuvwwwvutsrponmlkjjii
eeeffffggffffffffffffghhjkmoqsuvvwwvutsqponmlkjjii
fffffgggfffffffffffggghijkmoqrtuvvvutsrqpnmlkkjiii
ggggggggffffffffgggghhiijlmnprstuuuttsrponmlkjjiii
hhhhhhgggffffffggghhhiijklmnoqrssttssrqpomlkkjiiih
iiiihhhggfffffgghhiiijjjkklmnopqrrrrrqponmlkjiiihh
jjjiihhgggfffgghhiijjjjkkklmmnoppqqqqponmlkjjiihhh
kjjjiihhgggggghhiijjjkkkkkkllmnnooppoonmlkjjiihhhh
kkkjjiihhgggghhiijjkkkkkkkkkkllmmnnnnnmlkjjihhhhhh
kkkjjjiihhTTTTTTTTTTTTkTTTTTTTTTTTTTTTTTjjihhhhhhh
kkjjjjiiihTTTTTTTTTTTTkTTTTTTTTTTTTTTTTTiihhghhhhh
jjjjjjjiiiTTTTTTTTTTTTjTTTTTTTTTTTTTTTTThhgggghhii
jjjjjjjjjiTTTTTTTTTTTTjTTTTTTTTTTTTTTTTTggffgghhii
iiiiijjjjjTTTTTTTTTTTTjTTTTTTTTTTTTTTTTTffeffghiij
iiiiijjjjjTTTTTTTTTTTTjTTTTTTTTTTTTTTTTTeeeefghijj
hiiiijjjjjTTTTTTTTTTTTjTTTTTTTTTTTTTTTTTdddefghijk
iiiiijjjkkTTTTTTTTTTTTkTTTTTTTTTTTTTTTTTcccdeghijk
iiijjjjkkkTTTTTTTTTTTTkTTTTTTTTTTTTTTTTTbbcdefhijk
jjjjkkkkkkTTTTTTTTTTTTlTTTTTTTTTTTTTTTTTbbcdefhijk
kkllllllkkkjjiiiiijklmnnooonnmTTTTTTTTTTabbcefhijj
mmmmmmlllkkjjiiiijklmnoppppponTTTTTTTTTTaabcdfgijj
oooonnnmmlkkjjiijjklnopqqqqqpnTTTTTTTTTTaabcdfghij
qqqppoonmmlkjjjjjklmopqrrrrqpoTTTTTTTTTTaabcdfghij
sssrqqponmllkjjjklmnopqrrrrqpoTTTTTTTTTTaabcefghij
uuttsrqponmllkkkklmnpqrrrrrqonTTTTTTTTTTaabdefhijj
wvvutsrqponmlllllmnopqqrrqqpnmTTTTTTTTTTabcdeghijj
xxwvutsrqponmmmmmnnoppqqpponmkTTTTTTTTTTabcefhijkk
yyxwvutsrqponnnnnnooooooonmlkiTTTTTTTTTTbcdfghjkkl
yyxxwutsrrqppooooooooonnmlkjihTTTTTTTTTTcdeghikllm
zyyxwvutsrTTTTTTTTTTTTTTTTTTTTTTTTTTTTTTdefhiklmmn
yyxwwvutssTTTTTTTTTTTTTTTTTTTTTTTTTTTTTTefhijlmnnn
xxxwvuutssTTTTTTTTTTTTTTTTTTTTTTTTTTTTTTfgijlmnooo
wwwvuuttssTTTTTTTTTTTTTTTTTTTTTTTTTTTTTTgijkmnoopp
vvvutttsssTTTTTTTTTTTTTTTTTTTTTTTTTTTTTThjkmnoppqq
uutttsssssTTTTTTTTTTTTTTTTTTTTTTTTTTTTTTiklnoppqqq
sssssrrrssTTTTTTTTTTTTTTTTTTTTTTTTTTTTTTjlmnppqqrr
rrrrrqrrrsTTTTTTTTTTTTTTTTTTTTTTTTTTTTTTkmnopqqrrr
qqqqqqqqrrTTTTTTTTTTTTTTTTTTTTTTTTTTTTTTlmopqqrrrr
pppppppqqrTTTTTTTTTTTTTTTTTTTTTTTTTTTTTTlnopqrrrss
ooooooppqqrsttttsrqonmkkjiihhggggggghijkmnopqrrrss
nnnnnooopqrrsttssrqonmlkkjjiiihhhhhhiijlmnpqqrrsss
nnnnnnnoopqrssssrrqonmmlkkkkjjjiiihiijklmopqrrrsss
mmmmmmnnoppqrrsrrqponmmlllkkkkjjjiiijjklnopqrrrrrr
mmmmmmmnnopqqrrrqpponmmllllllkkkjjjjjklmnopqrrrrrr
lllllllmmnoppqqqpponmmlllllllllkkjjjjklmnopqrrrrrr
llllllllmnnoppppponmmlllllllllllkkjjkklmnopqrrrrrr
kkkkkkkllmnnooooonnmlllllllmmlllkkkkkklmnopqrrrrrr
kkkkkkkklmmnnooonnmllkkklllmmmllkkkkkklmnopqrrrrrr
kkkkkkkkllmnnooonmmllkkklllmmmlllkkkkllmnopqrrrrrr
