type octile
height 200
width 200
map
........................................................................................................................................................................................................
........................................................................................................................................................................................................
........................................................................................................................................................................................................
........................................................................................................................................................................................................
........................................................................................................................................................................................................
........................................................................................................................................................................................................
........................................................................................................................................................................................................
........................................................................................................................................................................................................
........................................................................................................................................................................................................
........................................................................................................................................................................................................
........................................................................................................................................................................................................
........................................................................................................................................................................................................
........................................................................................................................................................................................................
........................................................................................................................................................................................................
........................................................................................................................................................................................................
........................................................................................................................................................................................................
........................................................................................................................................................................................................
........................................................................................................................................................................................................
........................................................................................................................................................................................................
........................................................................................................................................................................................................
........................................................................................................................................................................................................
........................................................................................................................................................................................................
........................................................................................................................................................................................................
........................................................................................................................................................................................................
........................................................................................................................................................................................................
........................................................................................................................................................................................................
........................................................................................................................................................................................................
........................................................................................................................................................................................................
........................................................................................................................................................................................................
........................................................................................................................................................................................................
........................................................................................................................................................................................................
........................................................................................................................................................................................................
........................................................................................................................................................................................................
........................................................................................................................................................................................................
........................................................................................................................................................................................................
........................................................................................................................................................................................................
........................................................................................................................................................................................................
........................................................................................................................................................................................................
........................................................................................................................................................................................................
........................................................................................................................................................................................................
........................................................................................................................................................................................................
........................................................................................................................................................................................................
........................................................................................................................................................................................................
........................................................................................................................................................................................................
........................................................................................................................................................................................................
........................................................................................................................................................................................................
........................................................................................................................................................................................................
........................................................................................................................................................................................................
........................................................................................................................................................................................................
........................................................................................................................................................................................................
..................................................TTTTTTTTTTTTTTTTTTTTTTTTTTTTTT.....TTTTTTTTTTTTTTTTTTTTTTTTTTTTTTTTTTTTTTTTTTTTTTTTTTTTTTTTTTTTTTTTT..................................................
..................................................TTTTTTTTTTTTTTTTTTTTTTTTTTTTTT.....TTTTTTTTTTTTTTTTTTTTTTTTTTTTTTTTTTTTTTTTTTTTTTTTTTTTTTTTTTTTTTTTT..................................................
..................................................TTTTTTTTTTTTTTTTTTTTTTTTTTTTTT.....TTTTTTTTTTTTTTTTTTTTTTTTTTTTTTTTTTTTTTTTTTTTTTTTTTTTTTTTTTTTTTTTT..................................................
..................................................TTTTTTTTTTTTTTTTTTTTTTTTTTTTTT.....TTTTTTTTTTTTTTTTTTTTTTTTTTTTTTTTTTTTTTTTTTTTTTTTTTTTTTTTTTTTTTTTT..................................................
..................................................TTTTTTTTTTTTTTTTTTTTTTTTTTTTTT.....TTTTTTTTTTTTTTTTTTTTTTTTTTTTTTTTTTTTTTTTTTTTTTTTTTTTTTTTTTTTTTTTT..................................................
..................................................TTTTTTTTTTTTTTTTTTTTTTTTTTTTTT.....TTTTTTTTTTTTTTTTTTTTTTTTTTTTTTTTTTTTTTTTTTTTTTTTTTTTTTTTTTTTTTTTT..................................................
..................................................TTTTTTTTTTTTTTTTTTTTTTTTTTTTTT.....TTTTTTTTTTTTTTTTTTTTTTTTTTTTTTTTTTTTTTTTTTTTTTTTTTTTTTTTTTTTTTTTT..................................................
..................................................TTTTTTTTTTTTTTTTTTTTTTTTTTTTTT.....TTTTTTTTTTTTTTTTTTTTTTTTTTTTTTTTTTTTTTTTTTTTTTTTTTTTTTTTTTTTTTTTT..................................................
..................................................TTTTTTTTTTTTTTTTTTTTTTTTTTTTTT.....TTTTTTTTTTTTTTTTTTTTTTTTTTTTTTTTTTTTTTTTTTTTTTTTTTTTTTTTTTTTTTTTT..................................................
..................................................TTTTTTTTTTTTTTTTTTTTTTTTTTTTTT.....TTTTTTTTTTTTTTTTTTTTTTTTTTTTTTTTTTTTTTTTTTTTTTTTTTTTTTTTTTTTTTTTT..................................................
..................................................TTTTTTTTTTTTTTTTTTTTTTTTTTTTTT.....TTTTTTTTTTTTTTTTTTTTTTTTTTTTTTTTTTTTTTTTTTTTTTTTTTTTTTTTTTTTTTTTT..................................................
..................................................TTTTTTTTTTTTTTTTTTTTTTTTTTTTTT.....TTTTTTTTTTTTTTTTTTTTTTTTTTTTTTTTTTTTTTTTTTTTTTTTTTTTTTTTTTTTTTTTT..................................................
..................................................TTTTTTTTTTTTTTTTTTTTTTTTTTTTTT.....TTTTTTTTTTTTTTTTTTTTTTTTTTTTTTTTTTTTTTTTTTTTTTTTTTTTTTTTTTTTTTTTT..................................................
..................................................TTTTTTTTTTTTTTTTTTTTTTTTTTTTTT.....TTTTTTTTTTTTTTTTTTTTTTTTTTTTTTTTTTTTTTTTTTTTTTTTTTTTTTTTTTTTTTTTT..................................................
..................................................TTTTTTTTTTTTTTTTTTTTTTTTTTTTTT.....TTTTTTTTTTTTTTTTTTTTTTTTTTTTTTTTTTTTTTTTTTTTTTTTTTTTTTTTTTTTTTTTT..................................................
..................................................TTTTTTTTTTTTTTTTTTTTTTTTTTTTTT.....TTTTTTTTTTTTTTTTTTTTTTTTTTTTTTTTTTTTTTTTTTTTTTTTTTTTTTTTTTTTTTTTT..................................................
..................................................TTTTTTTTTTTTTTTTTTTTTTTTTTTTTT.....TTTTTTTTTTTTTTTTTTTTTTTTTTTTTTTTTTTTTTTTTTTTTTTTTTTTTTTTTTTTTTTTT..................................................
..................................................TTTTTTTTTTTTTTTTTTTTTTTTTTTTTT.....TTTTTTTTTTTTTTTTTTTTTTTTTTTTTTTTTTTTTTTTTTTTTTTTTTTTTTTTTTTTTTTTT..................................................
..................................................TTTTTTTTTTTTTTTTTTTTTTTTTTTTTT.....TTTTTTTTTTTTTTTTTTTTTTTTTTTTTTTTTTTTTTTTTTTTTTTTTTTTTTTTTTTTTTTTT..................................................
..................................................TTTTTTTTTTTTTTTTTTTTTTTTTTTTTT.....TTTTTTTTTTTTTTTTTTTTTTTTTTTTTTTTTTTTTTTTTTTTTTTTTTTTTTTTTTTTTTTTT..................................................
..................................................................................................................................TTTTTTTTTTTTTTTTTTTT..................................................
..................................................................................................................................TTTTTTTTTTTTTTTTTTTT..................................................
..................................................................................................................................TTTTTTTTTTTTTTTTTTTT..................................................
..................................................................................................................................TTTTTTTTTTTTTTTTTTTT..................................................
..................................................................................................................................TTTTTTTTTTTTTTTTTTTT..................................................
..................................................................................................................................TTTTTTTTTTTTTTTTTTTT..................................................
..................................................................................................................................TTTTTTTTTTTTTTTTTTTT..................................................
..................................................................................................................................TTTTTTTTTTTTTTTTTTTT..................................................
..................................................................................................................................TTTTTTTTTTTTTTTTTTTT..................................................
..................................................................................................................................TTTTTTTTTTTTTTTTTTTT..................................................
..................................................................................................................................TTTTTTTTTTTTTTTTTTTT..................................................
..................................................................................................................................TTTTTTTTTTTTTTTTTTTT..................................................
..................................................................................................................................TTTTTTTTTTTTTTTTTTTT..................................................
..................................................................................................................................TTTTTTTTTTTTTTTTTTTT..................................................
..................................................................................................................................TTTTTTTTTTTTTTTTTTTT..................................................
..................................................................................................................................TTTTTTTTTTTTTTTTTTTT..................................................
..................................................................................................................................TTTTTTTTTTTTTTTTTTTT..................................................
..................................................................................................................................TTTTTTTTTTTTTTTTTTTT..................................................
..................................................................................................................................TTTTTTTTTTTTTTTTTTTT..................................................
..................................................................................................................................TTTTTTTTTTTTTTTTTTTT..................................................
..................................................................................................................................TTTTTTTTTTTTTTTTTTTT..................................................
..................................................................................................................................TTTTTTTTTTTTTTTTTTTT..................................................
..................................................................................................................................TTTTTTTTTTTTTTTTTTTT..................................................
..................................................................................................................................TTTTTTTTTTTTTTTTTTTT..................................................
..................................................................................................................................TTTTTTTTTTTTTTTTTTTT..................................................
..................................................................................................................................TTTTTTTTTTTTTTTTTTTT..................................................
..................................................................................................................................TTTTTTTTTTTTTTTTTTTT..................................................
..................................................................................................................................TTTTTTTTTTTTTTTTTTTT..................................................
..................................................................................................................................TTTTTTTTTTTTTTTTTTTT..................................................
..................................................................................................................................TTTTTTTTTTTTTTTTTTTT..................................................
..................................................................................................................................TTTTTTTTTTTTTTTTTTTT..................................................
..................................................................................................................................TTTTTTTTTTTTTTTTTTTT..................................................
..................................................................................................................................TTTTTTTTTTTTTTTTTTTT..................................................
..................................................................................................................................TTTTTTTTTTTTTTTTTTTT..................................................
..................................................................................................................................TTTTTTTTTTTTTTTTTTTT..................................................
..................................................................................................................................TTTTTTTTTTTTTTTTTTTT..................................................
..................................................................................................................................TTTTTTTTTTTTTTTTTTTT..................................................
..................................................................................................................................TTTTTTTTTTTTTTTTTTTT..................................................
..................................................................................................................................TTTTTTTTTTTTTTTTTTTT..................................................
..................................................................................................................................TTTTTTTTTTTTTTTTTTTT..................................................
..................................................................................................................................TTTTTTTTTTTTTTTTTTTT..................................................
..................................................................................................................................TTTTTTTTTTTTTTTTTTTT..................................................
..................................................................................................................................TTTTTTTTTTTTTTTTTTTT..................................................
..................................................................................................................................TTTTTTTTTTTTTTTTTTTT..................................................
..................................................................................................................................TTTTTTTTTTTTTTTTTTTT..................................................
..................................................................................................................................TTTTTTTTTTTTTTTTTTTT..................................................
..................................................................................................................................TTTTTTTTTTTTTTTTTTTT..................................................
..................................................................................................................................TTTTTTTTTTTTTTTTTTTT..................................................
..................................................................................................................................TTTTTTTTTTTTTTTTTTTT..................................................
..................................................................................................................................TTTTTTTTTTTTTTTTTTTT..................................................
..................................................................................................................................TTTTTTTTTTTTTTTTTTTT..................................................
..................................................................................................................................TTTTTTTTTTTTTTTTTTTT..................................................
..................................................................................................................................TTTTTTTTTTTTTTTTTTTT..................................................
..................................................................................................................................TTTTTTTTTTTTTTTTTTTT..................................................
..................................................................................................................................TTTTTTTTTTTTTTTTTTTT..................................................
..................................................................................................................................TTTTTTTTTTTTTTTTTTTT..................................................
..................................................................................................................................TTTTTTTTTTTTTTTTTTTT..................................................
..................................................................................................................................TTTTTTTTTTTTTTTTTTTT..................................................
..................................................................................................................................TTTTTTTTTTTTTTTTTTTT..................................................
..................................................................................................................................TTTTTTTTTTTTTTTTTTTT..................................................
..................................................................................................................................TTTTTTTTTTTTTTTTTTTT..................................................
..................................................................................................................................TTTTTTTTTTTTTTTTTTTT..................................................
..................................................................................................................................TTTTTTTTTTTTTTTTTTTT..................................................
..................................................................................................................................TTTTTTTTTTTTTTTTTTTT..................................................
..................................................................................................................................TTTTTTTTTTTTTTTTTTTT..................................................
..................................................................................................................................TTTTTTTTTTTTTTTTTTTT..................................................
..................................................................................................................................TTTTTTTTTTTTTTTTTTTT..................................................
..................................................................................................................................TTTTTTTTTTTTTTTTTTTT..................................................
..................................................................................................................................TTTTTTTTTTTTTTTTTTTT..................................................
..................................................................................................................................TTTTTTTTTTTTTTTTTTTT..................................................
..................................................TTTTTTTTTTTTTTTTTTTTTTTTTTTTTTTTTTTTTTTTTTTTTTTTTTTTTTTTTTTTTTTTTTTTTTTTTTTTTTTTTTTTTTTTTTTTTTTTTTTT..................................................
..................................................TTTTTTTTTTTTTTTTTTTTTTTTTTTTTTTTTTTTTTTTTTTTTTTTTTTTTTTTTTTTTTTTTTTTTTTTTTTTTTTTTTTTTTTTTTTTTTTTTTTT..................................................
..................................................TTTTTTTTTTTTTTTTTTTTTTTTTTTTTTTTTTTTTTTTTTTTTTTTTTTTTTTTTTTTTTTTTTTTTTTTTTTTTTTTTTTTTTTTTTTTTTTTTTTT..................................................
..................................................TTTTTTTTTTTTTTTTTTTTTTTTTTTTTTTTTTTTTTTTTTTTTTTTTTTTTTTTTTTTTTTTTTTTTTTTTTTTTTTTTTTTTTTTTTTTTTTTTTTT..................................................
..................................................TTTTTTTTTTTTTTTTTTTTTTTTTTTTTTTTTTTTTTTTTTTTTTTTTTTTTTTTTTTTTTTTTTTTTTTTTTTTTTTTTTTTTTTTTTTTTTTTTTTT..................................................
..................................................TTTTTTTTTTTTTTTTTTTTTTTTTTTTTTTTTTTTTTTTTTTTTTTTTTTTTTTTTTTTTTTTTTTTTTTTTTTTTTTTTTTTTTTTTTTTTTTTTTTT..................................................
..................................................TTTTTTTTTTTTTTTTTTTTTTTTTTTTTTTTTTTTTTTTTTTTTTTTTTTTTTTTTTTTTTTTTTTTTTTTTTTTTTTTTTTTTTTTTTTTTTTTTTTT..................................................
..................................................TTTTTTTTTTTTTTTTTTTTTTTTTTTTTTTTTTTTTTTTTTTTTTTTTTTTTTTTTTTTTTTTTTTTTTTTTTTTTTTTTTTTTTTTTTTTTTTTTTTT..................................................
..................................................TTTTTTTTTTTTTTTTTTTTTTTTTTTTTTTTTTTTTTTTTTTTTTTTTTTTTTTTTTTTTTTTTTTTTTTTTTTTTTTTTTTTTTTTTTTTTTTTTTTT..................................................
..................................................TTTTTTTTTTTTTTTTTTTTTTTTTTTTTTTTTTTTTTTTTTTTTTTTTTTTTTTTTTTTTTTTTTTTTTTTTTTTTTTTTTTTTTTTTTTTTTTTTTTT..................................................
..................................................TTTTTTTTTTTTTTTTTTTTTTTTTTTTTTTTTTTTTTTTTTTTTTTTTTTTTTTTTTTTTTTTTTTTTTTTTTTTTTTTTTTTTTTTTTTTTTTTTTTT..................................................
..................................................TTTTTTTTTTTTTTTTTTTTTTTTTTTTTTTTTTTTTTTTTTTTTTTTTTTTTTTTTTTTTTTTTTTTTTTTTTTTTTTTTTTTTTTTTTTTTTTTTTTT..................................................
..................................................TTTTTTTTTTTTTTTTTTTTTTTTTTTTTTTTTTTTTTTTTTTTTTTTTTTTTTTTTTTTTTTTTTTTTTTTTTTTTTTTTTTTTTTTTTTTTTTTTTTT..................................................
..................................................TTTTTTTTTTTTTTTTTTTTTTTTTTTTTTTTTTTTTTTTTTTTTTTTTTTTTTTTTTTTTTTTTTTTTTTTTTTTTTTTTTTTTTTTTTTTTTTTTTTT..................................................
..................................................TTTTTTTTTTTTTTTTTTTTTTTTTTTTTTTTTTTTTTTTTTTTTTTTTTTTTTTTTTTTTTTTTTTTTTTTTTTTTTTTTTTTTTTTTTTTTTTTTTTT..................................................
..................................................TTTTTTTTTTTTTTTTTTTTTTTTTTTTTTTTTTTTTTTTTTTTTTTTTTTTTTTTTTTTTTTTTTTTTTTTTTTTTTTTTTTTTTTTTTTTTTTTTTTT..................................................
..................................................TTTTTTTTTTTTTTTTTTTTTTTTTTTTTTTTTTTTTTTTTTTTTTTTTTTTTTTTTTTTTTTTTTTTTTTTTTTTTTTTTTTTTTTTTTTTTTTTTTTT..................................................
..................................................TTTTTTTTTTTTTTTTTTTTTTTTTTTTTTTTTTTTTTTTTTTTTTTTTTTTTTTTTTTTTTTTTTTTTTTTTTTTTTTTTTTTTTTTTTTTTTTTTTTT..................................................
..................................................TTTTTTTTTTTTTTTTTTTTTTTTTTTTTTTTTTTTTTTTTTTTTTTTTTTTTTTTTTTTTTTTTTTTTTTTTTTTTTTTTTTTTTTTTTTTTTTTTTTT..................................................
..................................................TTTTTTTTTTTTTTTTTTTTTTTTTTTTTTTTTTTTTTTTTTTTTTTTTTTTTTTTTTTTTTTTTTTTTTTTTTTTTTTTTTTTTTTTTTTTTTTTTTTT..................................................
........................................................................................................................................................................................................
........................................................................................................................................................................................................
........................................................................................................................................................................................................
........................................................................................................................................................................................................
........................................................................................................................................................................................................
........................................................................................................................................................................................................
........................................................................................................................................................................................................
........................................................................................................................................................................................................
........................................................................................................................................................................................................
........................................................................................................................................................................................................
........................................................................................................................................................................................................
........................................................................................................................................................................................................
........................................................................................................................................................................................................
........................................................................................................................................................................................................
........................................................................................................................................................................................................
........................................................................................................................................................................................................
........................................................................................................................................................................................................
........................................................................................................................................................................................................
........................................................................................................................................................................................................
........................................................................................................................................................................................................
........................................................................................................................................................................................................
........................................................................................................................................................................................................
........................................................................................................................................................................................................
........................................................................................................................................................................................................
........................................................................................................................................................................................................
........................................................................................................................................................................................................
........................................................................................................................................................................................................
........................................................................................................................................................................................................
........................................................................................................................................................................................................
........................................................................................................................................................................................................
........................................................................................................................................................................................................
........................................................................................................................................................................................................
........................................................................................................................................................................................................
........................................................................................................................................................................................................
........................................................................................................................................................................................................
........................................................................................................................................................................................................
........................................................................................................................................................................................................
........................................................................................................................................................................................................
........................................................................................................................................................................................................
........................................................................................................................................................................................................
