type octile
height 100
width 100
map
....................................................................................................
....................................................................................................
....................................................................................................
....................................................................................................
....................................................................................................
....................................................................................................
....................................................................................................
....................................................................................................
.........................TTTTTTTTTT.................................................................
.........................TTTTTTTTTT.................................................................
.........................TTTTTTTTTT.................................................................
.........................TTTTTTTTTT.................................................................
.........................TTTTTTTTTT.................................................................
.........................TTTTTTTTTT.................................................................
.........................TTTTTTTTTT.................................................................
.........................TTTTTTTTTT.................................................................
.........................TTTTTTTTTT.................................................................
.........................TTTTTTTTTT.................................................................
.........................TTTTTTTTTT.................................................................
....................................................................................................
....................................................................................................
....................................................................................................
....................................................................................................
....................................................................................................
....................................................................................................
......................................TTTTTTTTTT....................................................
......................................TTTTTTTTTT....................................................
......................................TTTTTTTTTT....................................................
......................................TTTTTTTTTT....................................................
......................................TTTTTTTTTT....................................................
......................................TTTTTTTTTT....................................................
......................................TTTTTTTTTT....................................................
......................................TTTTTTTTTT....................................................
......................................TTTTTTTTTT....................................................
......................................TTTTTTTTTT....................................................
......................................TTTTTTTTTT....................................................
....................................................................................................
....................................................................................................
....................................................................................................
....................................................................................................
..................................................................................TTTTTTTTTT........
..................................................................................TTTTTTTTTT........
.................TTTTTTTT.........................................................TTTTTTTTTT........
.................TTTTTTTT.........................................................TTTTTTTTTT........
.................TTTTTTTT.........................................................TTTTTTTTTT........
.................TTTTTTTT.........................................................TTTTTTTTTT........
.................TTTTTTTT.........................................................TTTTTTTTTT........
.................TTTTTTTT.........................................................TTTTTTTTTT........
.................TTTTTTTT.........................................................TTTTTTTTTT........
..................................................................................TTTTTTTTTT........
..................................................................................TTTTTTTTTT........
....................................................................................................
....................................................................................................
....................................................................................................
......................................TTTTTTTTTT...................TTTTTTTTTT.......................
......................................TTTTTTTTTT...................TTTTTTTTTT.......................
......................................TTTTTTTTTT...................TTTTTTTTTT.......................
......................................TTTTTTTTTT...................TTTTTTTTTT.......................
......................................TTTTTTTTTT...................TTTTTTTTTT.......................
......................................TTTTTTTTTT...................TTTTTTTTTT.......................
......................................TTTTTTTTTT....................................................
......................................TTTTTTTTTT....................................................
......................................TTTTTTTTTT....................................................
......................................TTTTTTTTTT....................................................
......................................TTTTTTTTTT....................................................
....................................................................................................
....................................................................................................
....................................................................................................
....................................................................................................
....................................................................................................
....................................................................................................
.................TTTTTTTT.........................................................TTTTTTTTTT........
.................TTTTTTTT.........................................................TTTTTTTTTT........
.................TTTTTTTT.........................................................TTTTTTTTTT........
..................................................................................TTTTTTTTTT........
..................................................................................TTTTTTTTTT........
..................................................................................TTTTTTTTTT........
.................TTTTTTTT.........................................................TTTTTTTTTT........
.................TTTTTTTT.........................................................TTTTTTTTTT........
.................TTTTTTTT.........................................................TTTTTTTTTT........
..................................................................................TTTTTTTTTT........
..................................................................................TTTTTTTTTT........
....................................................................................................
....................................................................................................
..TTTTTTTTTT........................................................................................
..TTTTTTTTTT........................................................................................
..TTTTTTTTTT........................................................................................
..TTTTTTTTTT........................................................................................
..TTTTTTTTTT........................................................................................
..TTTTTTTTTT........................................................................................
..TTTTTTTTTT........................................................................................
..TTTTTTTTTT........................................................................................
..TTTTTTTTTT........................................................................................
..TTTTTTTTTT........................................................................................
..TTTTTTTTTT........................................................................................
....................................................................................................
....................................................................................................
....................................................................................................
....................................................................................................
....................................................................................................
