type octile
height 50
width 50
map
yyyxvsojebgkoqrqolhdbehjkjhebadeeecacehjlnpqrstvwx
xyxwvsojebglprtsrokgbcfijihfcacdeecbbdgikmoprstuvw
vwwvtrnjdbglpsuutqnieadgiihfdabcddcbacegjlmopqstuv
ttttrpmhdchmqtvvusplgbcfhihgecabcccbabdfhjkmnopqrs
ppqpomkgbchmqtvwvtqmhdaeghhhfdbabbbbaacdfgijklmmno
klllljheadimqtvwvtqmidadghihgedbaaaaaabcdefghhhiij
fgghhgecbeimqsuuuspmidadgiiihgedcbaaaaabbccdddddde
aabcccbadgjmprsssqnkgcbegijjihfedcbaaaaaaaaaaaabba
fedcbbbdehjlnpqqpnkheacfhjjjihgfedcbaaaaabbccdefff
jihgffffgijlmnnmljhebbehijjjihgfedcbaaaabbcdeghijj
mmlkjiiiiiTTTTTTTTTTTTgTTTTTTTTTTTTTTTTTbcdeghjlmm
oonnmlkjjjTTTTTTTTTTTTjTTTTTTTTTTTTTTTTTabdegikmno
ppponmmlkjTTTTTTTTTTTTlTTTTTTTTTTTTTTTTTabcefikmnp
pppponmlkjTTTTTTTTTTTTnTTTTTTTTTTTTTTTTTaabdfhjlno
oopoonmlkiTTTTTTTTTTTToTTTTTTTTTTTTTTTTTaabcegikln
mmnnmmlkihTTTTTTTTTTTTpTTTTTTTTTTTTTTTTTaabcdfgikl
jkkkkjjigfTTTTTTTTTTTTpTTTTTTTTTTTTTTTTTbbbcdefhij
hhhhhggfecTTTTTTTTTTTTpTTTTTTTTTTTTTTTTTccddeefggh
eeeddccbaaTTTTTTTTTTTTpTTTTTTTTTTTTTTTTTffffffffff
cbaaabbccdTTTTTTTTTTTTpTTTTTTTTTTTTTTTTThhhhhhgfed
aacdeeffgghijlmnopqrqqpnljhecaTTTTTTTTTTlllkjihgec
aceghiijjjkllmnoppqqqponljhfcaTTTTTTTTTTooonmljhec
adgijklllmmnnooopppppponljifdbTTTTTTTTTTrrrqpnlifc
aegjkmmnnnooooooppoooonmljigebTTTTTTTTTTuuttrpmjgc
adgjlmnnooooooooonnnnmmlkjigecTTTTTTTTTTwwwutrokhd
adgikmmnnooooonnnmmlllkkjihgebTTTTTTTTTTxxxwusplhe
bcfhjklmmnnnnmmllkkjjjiiihgfdbTTTTTTTTTTyyxwuspmie
cbdfhijkklllllkkjiihhhgggffdcaTTTTTTTTTTzyxwuspmif
cacefghiijjjjjjihggfffeeeedcabTTTTTTTTTTyyxvtrpmif
dbacdeefgghhhhhggfedddddccbabdTTTTTTTTTTyxwusqolif
dbaabbcddeTTTTTTTTTTTTTTTTTTTTTTTTTTTTTTxwvtrpmkhf
dcbbaaaabcTTTTTTTTTTTTTTTTTTTTTTTTTTTTTTvvtsqoljhf
ddccccbbaaTTTTTTTTTTTTTTTTTTTTTTTTTTTTTTutsrpnkigf
eddddddcbaTTTTTTTTTTTTTTTTTTTTTTTTTTTTTTssrpomkige
eeeeefeecbTTTTTTTTTTTTTTTTTTTTTTTTTTTTTTrqqpnljhge
eeeffffedcTTTTTTTTTTTTTTTTTTTTTTTTTTTTTTpppomljhgf
eeffgggfecTTTTTTTTTTTTTTTTTTTTTTTTTTTTTTnnnnmkjhgf
eeeffgffecTTTTTTTTTTTTTTTTTTTTTTTTTTTTTTlmmmlkihfe
ddeeeffeecTTTTTTTTTTTTTTTTTTTTTTTTTTTTTTijkkkjigfe
cccdddeedcTTTTTTTTTTTTTTTTTTTTTTTTTTTTTTfhijiigfed
aaaabccddcbabdfhkmopqrrqomjhedcbccddccabcefgggfdcb
bccbbaabcccbabdgiloqrssrpnkifdcccdeefedbabddedcbaa
effeecbabcdcbabehknprssrqnlifdccdefgggfedbaabaaacd
hiiihfdbacdedcacfiloqssrqnkhfdcccdfghhhgfedcccdefg
llmlkifdaceffedacgjnprrrpnkhecbabceghijiihgfffghij
opponkiebceghhfdadhlnpqqomjgdbaaabdfhjkkkjjjijjkmn
rssrpnkgbcfijjigcaeiloppolifcabbbacegikllllllmmnpq
uuuusplhcbfiklkjgcbfjmnonlifbacdcbadfiklmnnnoopqrt
wwwvtqnidbgjmnnljfbcgjlmmkhebbdddcabehjlmnopqqrsuv
xyyxvsojebgknppolieadhjlljhebbdeedbadgikmopqrstuvw
