type octile
height 50
width 50
map
..................................................
..................................................
..................................................
..................................................
..................................................
..................................................
..................................................
..................................................
..................................................
..................................................
..........TTTTTTTTTTTTTTTTTTTTTTTTTTTTTT..........
..........TTTTTTTTTTTTTTTTTTTTTTTTTTTTTT..........
..........TTTTTTTTTTTTTTTTTTTTTTTTTTTTTT..........
..........TTTTTTTTTTTTTTTTTTTTTTTTTTTTTT..........
..........TTTTTTTTTTTTTTTTTTTTTTTTTTTTTT..........
..........TTTTTTTTTTTTTTTTTTTTTTTTTTTTTT..........
..........TTTTTTTTTTTTTTTTTTTTTTTTTTTTTT..........
..........TTTTTTTTTTTTTTTTTTTTTTTTTTTTTT..........
..........TTTTTTTTTTTTTTTTTTTTTTTTTTTTTT..........
..........TTTTTTTTTTTTTTTTTTTTTTTTTTTTTT..........
..............................TTTTTTTTTT..........
..............................TTTTTTTTTT..........
..............................TTTTTTTTTT..........
..............................TTTTTTTTTT..........
..............................TTTTTTTTTT..........
..............................TTTTTTTTTT..........
..............................TTTTTTTTTT..........
..............................TTTTTTTTTT..........
..............................TTTTTTTTTT..........
..............................TTTTTTTTTT..........
..........TTTTTTTTTTT.TTTTTTTTTTTTTTTTTT..........
..........TTTTTTTTTTT.TTTTTTTTTTTTTTTTTT..........
..........TTTTTTTTTTT.TTTTTTTTTTTTTTTTTT..........
..........TTTTTTTTTTT.TTTTTTTTTTTTTTTTTT..........
..........TTTTTTTTTTT.TTTTTTTTTTTTTTTTTT..........
..........TTTTTTTTTTT.TTTTTTTTTTTTTTTTTT..........
..........TTTTTTTTTTT.TTTTTTTTTTTTTTTTTT..........
..........TTTTTTTTTTT.TTTTTTTTTTTTTTTTTT..........
..........TTTTTTTTTTT.TTTTTTTTTTTTTTTTTT..........
..........TTTTTTTTTTT.TTTTTTTTTTTTTTTTTT..........
..................................................
..................................................
..................................................
..................................................
..................................................
..................................................
..................................................
..................................................
..................................................
..................................................
