type octile
height 50
width 50
map
ppoomlkjihhggggggggffdcbabbcdddeeffgggfedabegjlnop
nnmmljiihggfffggggggfedcaabcddeffghiiihgecacfhklnn
llkjihhgffffffffgggggfedbaabcdefghijjjihgdbbdgikll
jjihgffeedddeeefggghggfedbabcdefhijjkkjigecacfgijj
hggfeddccccccddefgghhggfecbabdefhijkkkkihfdabdfghh
feddcbaaaaaabbcdefgghhgfedcabcefhijkkkjihfdbacefff
dcbaaabbbbbbaabcdefggggffdcbacdfghijkkjihfdbacdeee
baabcdddedddcbaacdeffggfedcbabcefgiijjjihfdcabcddc
aacdeffgggffedcaabdeeffeedcbaacdefhhijiihfecaabcbb
bcdfghiiiihhgedcaabcdddddccbaabcdefghiiihgedbaabaa
cdfhijkkkkTTTTTTTTTTTTTTTTTTTTTTTTTTTTTThgfdcaaaab
dfhikllmmlTTTTTTTTTTTTTTTTTTTTTTTTTTTTTTihgedcbbbc
fgiklmnnnmTTTTTTTTTTTTTTTTTTTTTTTTTTTTTTjihfedcccd
ghjlmnooonTTTTTTTTTTTTTTTTTTTTTTTTTTTTTTkjihfeddde
hiklnoooonTTTTTTTTTTTTTTTTTTTTTTTTTTTTTTlkjihgfefg
ijlmnoooonTTTTTTTTTTTTTTTTTTTTTTTTTTTTTTlllkihgggh
jklmnoooonTTTTTTTTTTTTTTTTTTTTTTTTTTTTTTlmmlkjihhi
jklmnnonnmTTTTTTTTTTTTTTTTTTTTTTTTTTTTTTlmmmlkjjjj
kllmmnnnmlTTTTTTTTTTTTTTTTTTTTTTTTTTTTTTlmnnmllkkk
lllmmmmmlkTTTTTTTTTTTTTTTTTTTTTTTTTTTTTTlmnnnnmlll
lllmmmllkjigebacfhiklmmopqsuvwTTTTTTTTTTkmnooonnmm
mmmmmllkkihfdabdghjlmnopqstvxyTTTTTTTTTTjmnoppoonn
nnmmmllkjigecacegiklmnoprsuwxyTTTTTTTTTTjlnpppppoo
oonnmmlkjigebacegiklmnoprsuwxyTTTTTTTTTTilnpqqqqpp
qppoonmlkigdbacegijklmnpqsuwxyTTTTTTTTTTilnpqrrrqq
rrqqponmkigebaceghijklmoprtvwxyxvtqmidaeilnprrsssr
ssssrqpomjhecacefghhijlmoqsuwxTTTTTTTTTTilnprssttt
uuuutsrpnkifcabdeffghijlnprtvwTTTTTTTTTThknprssttu
vvvvvutrolifdabcddeefgikmoqsuvTTTTTTTTTThkmoqrstuu
vwwwwvuspmjgdbabccddefhjlnqstuTTTTTTTTTTgilnpqrstu
vwwxxwusqnTTTTTTTTTTTTTTTTTTTTTTTTTTTTTTehjlnoqrst
tuvwwwusqnTTTTTTTTTTTTTTTTTTTTTTTTTTTTTTcfhjkmnpqs
rsuuvutrpmTTTTTTTTTTTTTTTTTTTTTTTTTTTTTTaceghjkmnp
nprsssrpnkTTTTTTTTTTTTTTTTTTTTTTTTTTTTTTcabcefhikm
jlnopponljTTTTTTTTTTTTTTTTTTTTTTTTTTTTTTedbaabdegh
fhiklllkigTTTTTTTTTTTTTTTTTTTTTTTTTTTTTThgedcbaabd
acefhhhhfeTTTTTTTTTTTTTTTTTTTTTTTTTTTTTTjihggfedca
dbabcddddbTTTTTTTTTTTTTTTTTTTTTTTTTTTTTTlkkjjihhge
hfdcbaaaaaTTTTTTTTTTTTTTTTTTTTTTTTTTTTTTmmllllkkji
kjhgedccccTTTTTTTTTTTTTTTTTTTTTTTTTTTTTTnnnnnnnmml
nlkjhgfffffffffeedcccccdefgijklmnnooooonnnnnooooon
ponlkjihhggggggffeddcccddefhijkllmmnnnnnnnnooppqqp
rqpomlkjjiihhhggffeddcccdeefghijkkllllmmmmnoppqrrr
srrponmlkjjiihhggffeddcccddefghiijjjjkkkllmnopqrss
tssrqonmlkjjiihhggfeedcccccdeefgghhhhiiijklnoprsst
ttssqpomlkjjiihhhgffedcbbbbbcddeefffffgghiklnpqstt
uttsrponlkjjiihhhgffedcbaaaaabcccddccddefhikmoqrtt
ttsrqpnmlkjiihhhhggfedcaaaaaaaaaaaaaaabbdegjlnprst
sssrponlkjiihhhhgggfedbaabbbbbbbbbbbcbbabcfhkmoqrs
rrqponmkjiihhggggggfedcaabcccccccddeeedcbadfilnpqr
