type octile
height 50
width 50
map
utsqonlkjiijklnoqrsttsqolheadgjmnoomlifbbfjmprtuvv
vutrqonlkkkklmoprtuuutsqnjgcbfikmnnmkifbbfjmprtuvv
vutsrponmlllmnpqsuvwwvurolhdadhjlmmljhebcfjmprtuvv
vvutsqponnmnnoqrtvwxxwvtqmjfbcfikllkjgebcfjmprtuvw
wvutsrqpoooopqrsuwxyyxwurnjfbbehjkkjigdacfimortuvw
vvuutsrqppppqrsuvwyyyywurokgcbegijjihfdacfiloqsuvv
vvutssrqqpqqrstuwxyzyywurokgcadfhiihgecacfiloqstuv
uuttsrrqqqqqrstvwxyyyxwurokgdaceghhgfecacfiknprstu
tssrrqqpppqqrsuvwxyyyxvtqnkgdacefgggfdcacehjmoqrss
rrqqppoooopqrstuvwxxxwusqnkhebbdefffedbabdgikmopqr
ppoonnmmmnTTTTTTTTTTTTTTTTTTTTTTTTTTTTTTbcehjkmnop
mmmlllkkklTTTTTTTTTTTTTTTTTTTTTTTTTTTTTTabdfhiklmm
kkjjiiiiiiTTTTTTTTTTTTTTTTTTTTTTTTTTTTTTaabdfghijk
hhhggfffggTTTTTTTTTTTTTTTTTTTTTTTTTTTTTTbaabcefghh
eeeddddddeTTTTTTTTTTTTTTTTTTTTTTTTTTTTTTccbaabcdee
bbbbaaaabbTTTTTTTTTTTTTTTTTTTTTTTTTTTTTTdddcbaaabb
bbbbbbbbaaTTTTTTTTTTTTTTTTTTTTTTTTTTTTTTeeeeddcbbb
ddddddcccbTTTTTTTTTTTTTTTTTTTTTTTTTTTTTTffffffeeed
gffffeedccTTTTTTTTTTTTTTTTTTTTTTTTTTTTTTfgghhhhggg
hhhggfeedcTTTTTTTTTTTTTTTTTTTTTTTTTTTTTTfghiijjiii
jiihgfeedcaabceffggggghijklmmmTTTTTTTTTTfhijkkkkkj
kjihgfedcbabcdffgggggghhiklmmmTTTTTTTTTTghjklllllk
kjigfedcbabcefghhhhhgghhijklllTTTTTTTTTTghjklmmmml
kihgedcaabcefgiijjiihhhhiijkkkTTTTTTTTTTgijlmmnmml
jigedbaacdeghijkkkjiihhhhiijjjTTTTTTTTTTgiklmnnmmk
igfdbabcdfghjkllllkjihhhhhhhhhTTTTTTTTTTgiklmmmmlk
hfdbabdefhijklmmmlkjihhggggfffTTTTTTTTTThiklmmmlki
fdbacdfghijklmmmmlkjihgffeeedcTTTTTTTTTThikllllkjh
ebacefhijklmmnnmmlkjhgfeedccbaTTTTTTTTTTijjklkkjhg
cabeghjklmmnnnmmlkjhgfedcbbaabTTTTTTTTTTijjkkjjige
abdfhjkmmnTTTTTTTTTTTTTTTTTTTTTTTTTTTTTTjjjjjihgec
adfhjlmnooTTTTTTTTTTTTTTTTTTTTTTTTTTTTTTjjjjihgfdb
cehjlmooppTTTTTTTTTTTTTTTTTTTTTTTTTTTTTTkjjihgfdba
egikmoppppTTTTTTTTTTTTTTTTTTTTTTTTTTTTTTkjihgfdcab
fhklnppqqpTTTTTTTTTTTTTTTTTTTTTTTTTTTTTTljihfecabd
hjlmopqqqpTTTTTTTTTTTTTTTTTTTTTTTTTTTTTTljigedbace
iklnopqqpoTTTTTTTTTTTTTTTTTTTTTTTTTTTTTTljhfdbaceg
jlmnoppponTTTTTTTTTTTTTTTTTTTTTTTTTTTTTTljgecabdfh
kmnnoooonmTTTTTTTTTTTTTTTTTTTTTTTTTTTTTTkifdabdfhj
lmnnnnnmlkTTTTTTTTTTTTTTTTTTTTTTTTTTTTTTjhebadfhjk
mnnnnmmlkjhgfdcaacdefghijklmnoqrsttsrqnlifcacfhjkm
nnnnmlkjihgfedcbaabcdefgijkmnoqrsttsrpmkhdabehjlmn
oonnlkjihggfeeddccbaacdfgijlnoqrsssrqolifcbegjlmoo
ppomlkihgffffffffeedcabdegikmoqrsssrpnkhdacgilnopp
qpomljiggfffffgghhggedbacfhjmoprrsrqolifcbehknoqqq
rqonljhgfffffghijjjihgebadfilnpqrrrpnlheacgjmoqrrr
sqpnljigffffghikllllkigebbehjmoqqrqpnkgdadhknprsss
srpnmkihgffghiklmnonmljgeacfilnpqqpomjgcaeiloqsttt
tsqomljihgghijlmoppppnljgdadgjmopppoljfcbfilorstuu
tsrpnmkjihhijkmnpqrrrqolifcbfilnoponlifcbfimprtuuu
